// Jest Snapshot v1, https://goo.gl/fbAQLP

exports[`teste 1`] = `
<View>
  <Text>
    1
  </Text>
  <Text>
    
  </Text>
</View>
`;
